// Jest Snapshot v1, https://goo.gl/fbAQLP

exports[`App matches a snapshot 1`] = `
Array [
  <h1>
    REACT MAKE-UP!
  </h1>,
  <form>
    <label>
      Title:
    </label>
    <input
      name="title"
      onChange={[Function]}
      type="text"
      value="React"
    />
    <label>
      Subtitle:
    </label>
    <input
      name="subtitle"
      onChange={[Function]}
      type="text"
      value="Make-up Quiz"
    />
  </form>,
  "React",
  "Make-up Quiz",
]
`;
